▨사이버홈 기본 지도      ↑↑↑↑↑↑↑↑↑↑↑↑↑                        !no!
▨                                                                            →
▨                                                                            →
▨                                                                            →
▨                                                                            →
▨                      ◇volom                                               →
▨                                                                            →
▨                                                                            →
▨                      ◇제임스딘                                            →
▨                                                                            →
▨                                                                            →
▨                      ◇유리                                                →
▨                                                                            →
▨                                                                            →
▨                      ◇jus5                                                →
▨                                                                            →
▨                                                                            →
▨                              미  로  도  시                                →
▨                        ↓↓↓↓↓↓↓↓↓↓↓↓↓
