旨收次收收收收收收收收收收收收收收收收收收收收收收收收收收收收收收收收收收  !no!
早  弛                                    ∟∟
早  戍式式式式式式式式式式式式式式式式式  ∠⊥    忙式式式式式式式式式式忖    早
早  弛                                    ⊿⊿    弛〧〧〧〧〧〧              早
早  戌式式式式〨〨忖                              弛式式式式式式式成式        早
早                弛                          弛  戌式式式式式忖              早
早  式式式式式式式扛式式式式式忖  式式式式忖  弛              弛              早
早                            弛          弛  弛  忙式式式式式扛式扛忖        早
早  式式式式式式式成式式式忖  戍式式式式  弛  弛  〨〧〧〧〧〧〧〧〧弛〧〧〧  早
早                弛      弛  弛  衛鳶﹢  〨〨〨  〨  忙式式式式式式扣        早
早                弛      〨〨〨  忙式式式戎  弛  〨  〨            戍  〧〧〧早
早  弛            弛  忙式式式式式戎  忙式式式戎  弛  〨    ∟∟    戍        早
早  弛            弛  弛              弛          弛  〨    ∠⊥    弛〧〧〧  早
早  弛            弛  戍式式式式式式式戎      忙式戎  弛    ⊿⊿    弛        早
早  弛      忙式式戎  弛                        〨〨〨弛            弛        早
早  弛      弛                                    弛                          早
早  戌忖    戌〨〨〨式式式式式式式式式式式式式式式扣                戍式      早
早    弛                                          弛                弛        早
早    戌式式式式式式式式式式式式式式式式式式式式式戎                弛        早
曲朽  曳收收收收收收收收收收收收收收收收收收收收收收收收收收收收收收死收朽  曳旭
