▨사이버홈 기본 지도  ▨▨▨▨▨▨▨▨  ↑  ▨▨▨▨▨▨▨▨▨▨▨▨▨▨▨▨!no!
▨▨▨▨▨▨▨▨▨▨▨▨▨▨▨▨▨▨▨      ▨▨▨▨▨▨▨▨▨▨▨▨▨▨▨▨▨▨
▨▨▨▨▨▨▨▨▨▨▨▨▨▨▨▨▨▨▨      ▨▨▨▨▨▨▨▨▨▨▨▨▨▨▨▨▨▨
▨▨▨                                        ◆시삽            ▨▨▨▨▨▨▨▨
▨▨▨                                          시삽의 집입니다.▨▨▨▨▨▨▨▨
▨▨▨                                        ▨▨▨▨▨▨▨▨▨▨▨▨▨▨▨▨▨
▨▨▨                                        ▨▨▨▨▨▨▨▨▨▨▨▨▨▨▨▨▨
▨▨▨◇kumkangs                              ▨▨▨▨▨▨▨▨▨▨▨▨▨▨▨▨▨
▨▨▨                                        ▨▨▨▨▨▨▨▨▨▨▨▨▨▨▨▨▨
▨▨▨                                ◇xxxx  화려한 화면의 예제를 보세요.. ▨▨
왼쪽 동네로 가고 싶나요?
←                                                                            →
                                                     오른쪽 동네로 가고 싶나요?
▨▨▨▨▨▨▨                                        ▨▨▨▨▨▨▨▨▨▨▨▨▨
▨▨▨▨▨▨▨                                        ▨▨▨▨▨▨▨▨▨▨▨▨▨
▨▨▨▨▨▨▨                                        ▨▨▨▨▨▨▨▨▨▨▨▨▨
▨▨▨▨▨▨▨▨▨▨▨▨▨▨▨▨▨▨▨▨    ▨              ▨▨▨▨▨▨▨▨▨▨
▨▨▨▨▨▨▨▨▨▨▨▨▨▨▨▨▨▨▨▨    ▨              ▨▨▨▨▨▨▨▨▨▨
▨▨▨▨▨▨▨▨▨▨▨▨▨▨▨▨▨▨▨▨    ▨              ▨▨▨▨▨▨▨▨▨▨
▨▨▨▨▨▨▨▨▨▨▨▨▨▨▨▨▨▨▨▨    ▨              ▨▨▨▨▨▨▨▨▨▨
▨▨사이버홈▨▨▨▨▨▨▨▨▨▨▨▨▨▨    ▨▨    ▨▨▨▨▨▨▨▨▨▨▨▨▨▨
▨▨▨▨▨▨▨▨▨▨▨▨▨▨▨▨▨▨▨▨↓  ▨▨    ▨▨▨▨▨▨▨▨▨▨▨▨▨▨
