▨사이버홈 기본 지도                    ↑  ▨▨▨▨▨▨▨▨▨▨▨▨▨▨▨▨!no!
▨▨▨▨▨▨▨▨▨▨          ▨▨▨▨      ▨▨▨▨▨▨▨▨▨▨▨▨▨▨▨▨▨▨
▨▨▨▨▨▨▨▨▨▨          ▨▨▨▨      ▨▨▨▨▨▨▨▨▨▨▨▨▨▨▨▨▨▨
▨▨▨                                        ◆시삽            ▨▨▨▨▨▨▨▨
▨▨▨           화살표로 움직이세요..          시삽의 집입니다.▨▨▨▨▨▨▨▨
▨▨▨                                        ▨▨▨▨▨▨▨▨▨▨▨▨▨▨▨▨▨
▨▨▨                                        ▨▨▨▨▨▨▨▨▨▨▨▨▨▨▨▨▨
▨▨▨◇kumkangs                              ▨▨▨▨▨▨▨▨▨▨▨▨▨▨▨▨▨
▨▨▨                                        ▨▨▨▨▨▨▨▨▨▨▨▨▨▨▨▨▨
▨▨▨                                ◇xxxx  화려한 화면의 예제를 보세요.. ▨▨
왼쪽 동네로 가고 싶나요?
←                                                                            →
                                                     오른쪽 동네로 가고 싶나요?
▨▨▨▨▨▨▨                                        ▨▨▨▨▨▨▨▨▨▨▨▨▨
▨▨▨▨▨▨▨▨▨▨▨▨▨▨▨▨▨▨▨▨    ▨              ▨▧ R 처음지도로 ▧
▨▨▨▨▨▨▨▨▨▨▨▨▨▨▨▨▨▨▨▨    ▨              ▨▧▧▧▧▧▧▧▧▧
▨▨▨▨▨▨▨▨▨▨▨▨▨▨▨▨▨▨▨▨    ▨              ▨▧ Q 지도 끝내기▧
▨▨▨▨▨▨▨▨▨▨▨▨▨▨▨▨▨▨▨▨    ▨              ▨▧▧▧▧▧▧▧▧▧
▨▨사이버홈▨▨▨▨▨▨▨▨▨▨▨▨▨▨    ▨▨    ▨▨▨▨▨▨▨▨▨▨▨▨▨▨
▨▨▨▨▨▨▨▨▨▨▨▨▨▨▨▨▨▨▨▨↓  ▨▨    ▨▨▨▨▨▨▨▨▨▨▨▨▨▨
